// Jest Snapshot v1, https://goo.gl/fbAQLP

exports[`workSpaceMenu renders with a single workspace and dashboard  1`] = `
<div>
  <div
    class="workspace-list-container"
  >
    <div
      class="top-menu"
    >
      <ul
        class="ant-menu-overflow ant-menu ant-menu-root ant-menu-horizontal ant-menu-dark"
        data-menu-list="true"
        role="menu"
        style="min-height: 40px;"
        tabindex="0"
      >
        <li
          class="ant-menu-overflow-item ant-menu-submenu ant-menu-submenu-horizontal menu-highlight-override ant-menu-submenu-selected"
          role="none"
          style="opacity: 1; order: 0;"
        >
          <div
            aria-controls="rc-menu-uuid-test-w1-popup"
            aria-expanded="false"
            aria-haspopup="true"
            class="ant-menu-submenu-title"
            data-menu-id="rc-menu-uuid-test-w1"
            role="menuitem"
            tabindex="-1"
          >
            <span
              aria-label="down"
              class="anticon anticon-down ant-menu-item-icon"
              role="img"
            >
              <svg
                aria-hidden="true"
                data-icon="down"
                fill="currentColor"
                focusable="false"
                height="1em"
                viewBox="64 64 896 896"
                width="1em"
              >
                <path
                  d="M884 256h-75c-5.1 0-9.9 2.5-12.9 6.6L512 654.2 227.9 262.6c-3-4.1-7.8-6.6-12.9-6.6h-75c-6.5 0-10.3 7.4-6.5 12.7l352.6 486.1c12.8 17.6 39 17.6 51.7 0l352.6-486.1c3.9-5.3.1-12.7-6.4-12.7z"
                />
              </svg>
            </span>
            <span
              class="ant-menu-title-content"
            >
              w1
            </span>
            <i
              class="ant-menu-submenu-arrow"
            />
          </div>
        </li>
        <li
          aria-hidden="true"
          class="ant-menu-overflow-item ant-menu-overflow-item-rest ant-menu-submenu ant-menu-submenu-horizontal ant-menu-submenu-disabled"
          role="none"
          style="opacity: 0; height: 0px; overflow-y: hidden; order: 9007199254740991; pointer-events: none; position: absolute;"
        >
          <div
            aria-controls="rc-menu-uuid-test-rc-menu-more-popup"
            aria-disabled="true"
            aria-expanded="false"
            aria-haspopup="true"
            class="ant-menu-submenu-title"
            data-menu-id="rc-menu-uuid-test-rc-menu-more"
            role="menuitem"
          >
            <span
              aria-label="ellipsis"
              class="anticon anticon-ellipsis"
              role="img"
            >
              <svg
                aria-hidden="true"
                data-icon="ellipsis"
                fill="currentColor"
                focusable="false"
                height="1em"
                viewBox="64 64 896 896"
                width="1em"
              >
                <path
                  d="M176 511a56 56 0 10112 0 56 56 0 10-112 0zm280 0a56 56 0 10112 0 56 56 0 10-112 0zm280 0a56 56 0 10112 0 56 56 0 10-112 0z"
                />
              </svg>
            </span>
            <i
              class="ant-menu-submenu-arrow"
            />
          </div>
        </li>
      </ul>
      <div
        aria-hidden="true"
        style="display: none;"
      />
      <div
        class="actions-menu"
      >
        <button
          class="ant-btn ant-btn-round ant-btn-default"
          role="button"
          type="button"
        >
          <span
            aria-label="edit"
            class="anticon anticon-edit"
            role="img"
          >
            <svg
              aria-hidden="true"
              data-icon="edit"
              fill="currentColor"
              focusable="false"
              height="1em"
              viewBox="64 64 896 896"
              width="1em"
            >
              <path
                d="M257.7 752c2 0 4-.2 6-.5L431.9 722c2-.4 3.9-1.3 5.3-2.8l423.9-423.9a9.96 9.96 0 000-14.1L694.9 114.9c-1.9-1.9-4.4-2.9-7.1-2.9s-5.2 1-7.1 2.9L256.8 538.8c-1.5 1.5-2.4 3.3-2.8 5.3l-29.5 168.2a33.5 33.5 0 009.4 29.8c6.6 6.4 14.9 9.9 23.8 9.9zm67.4-174.4L687.8 215l73.3 73.3-362.7 362.6-88.9 15.7 15.6-89zM880 836H144c-17.7 0-32 14.3-32 32v36c0 4.4 3.6 8 8 8h784c4.4 0 8-3.6 8-8v-36c0-17.7-14.3-32-32-32z"
              />
            </svg>
          </span>
          <span>
            Workspace
          </span>
        </button>
        <div
          style="max-width: max-content; float: right;"
        >
          <button
            class="ant-btn ant-btn-round ant-btn-default"
            role="button"
            type="button"
          >
            <span
              aria-label="edit"
              class="anticon anticon-edit"
              role="img"
            >
              <svg
                aria-hidden="true"
                data-icon="edit"
                fill="currentColor"
                focusable="false"
                height="1em"
                viewBox="64 64 896 896"
                width="1em"
              >
                <path
                  d="M257.7 752c2 0 4-.2 6-.5L431.9 722c2-.4 3.9-1.3 5.3-2.8l423.9-423.9a9.96 9.96 0 000-14.1L694.9 114.9c-1.9-1.9-4.4-2.9-7.1-2.9s-5.2 1-7.1 2.9L256.8 538.8c-1.5 1.5-2.4 3.3-2.8 5.3l-29.5 168.2a33.5 33.5 0 009.4 29.8c6.6 6.4 14.9 9.9 23.8 9.9zm67.4-174.4L687.8 215l73.3 73.3-362.7 362.6-88.9 15.7 15.6-89zM880 836H144c-17.7 0-32 14.3-32 32v36c0 4.4 3.6 8 8 8h784c4.4 0 8-3.6 8-8v-36c0-17.7-14.3-32-32-32z"
                />
              </svg>
            </span>
            <span>
              Dashboard
            </span>
          </button>
        </div>
      </div>
    </div>
    <div>
      <div
        class="studio-table-container"
      >
        <div
          class="ant-table-wrapper"
        >
          <div
            class="ant-spin-nested-loading"
          >
            <div>
              <div
                aria-busy="true"
                aria-live="polite"
                class="ant-spin ant-spin-spinning"
              >
                <span
                  class="ant-spin-dot ant-spin-dot-spin"
                >
                  <i
                    class="ant-spin-dot-item"
                  />
                  <i
                    class="ant-spin-dot-item"
                  />
                  <i
                    class="ant-spin-dot-item"
                  />
                  <i
                    class="ant-spin-dot-item"
                  />
                </span>
              </div>
            </div>
            <div
              class="ant-spin-container ant-spin-blur"
            >
              <div
                class="ant-table ant-table-bordered ant-table-scroll-horizontal"
                data-testid="dashboard-table"
              >
                <div
                  class="ant-table-title"
                >
                  <div>
                    <div
                      class="ant-row ant-row-middle"
                      style="margin: -8px -8px -8px -8px;"
                    >
                      <div
                        class="ant-col ant-col-16"
                        style="padding: 8px 8px 8px 8px;"
                      >
                        <h3
                          class="ant-typography table-title"
                          title="Example"
                        >
                          Example
                        </h3>
                      </div>
                      <div
                        class="ant-col ant-col-8 table-options"
                        style="padding: 8px 8px 8px 8px;"
                      >
                        <div
                          class="table-options__inner"
                        >
                          <span
                            class="ant-input-group-wrapper ant-input-search"
                            style="width: 150px; transition: width 0.5s; max-width: 70%;"
                          >
                            <span
                              class="ant-input-wrapper ant-input-group"
                            >
                              <span
                                class="ant-input-affix-wrapper"
                              >
                                <input
                                  class="ant-input"
                                  placeholder="Search"
                                  type="text"
                                  value=""
                                />
                                <span
                                  class="ant-input-suffix"
                                >
                                  <span
                                    class="ant-input-clear-icon ant-input-clear-icon-hidden"
                                    role="button"
                                    tabindex="-1"
                                  >
                                    <span
                                      aria-label="close-circle"
                                      class="anticon anticon-close-circle"
                                      role="img"
                                    >
                                      <svg
                                        aria-hidden="true"
                                        data-icon="close-circle"
                                        fill="currentColor"
                                        focusable="false"
                                        height="1em"
                                        viewBox="64 64 896 896"
                                        width="1em"
                                      >
                                        <path
                                          d="M512 64C264.6 64 64 264.6 64 512s200.6 448 448 448 448-200.6 448-448S759.4 64 512 64zm165.4 618.2l-66-.3L512 563.4l-99.3 118.4-66.1.3c-4.4 0-8-3.5-8-8 0-1.9.7-3.7 1.9-5.2l130.1-155L340.5 359a8.32 8.32 0 01-1.9-5.2c0-4.4 3.6-8 8-8l66.1.3L512 464.6l99.3-118.4 66-.3c4.4 0 8 3.5 8 8 0 1.9-.7 3.7-1.9 5.2L553.5 514l130 155c1.2 1.5 1.9 3.3 1.9 5.2 0 4.4-3.6 8-8 8z"
                                        />
                                      </svg>
                                    </span>
                                  </span>
                                </span>
                              </span>
                              <span
                                class="ant-input-group-addon"
                              >
                                <button
                                  class="ant-btn ant-btn-default ant-btn-icon-only ant-input-search-button"
                                  type="button"
                                >
                                  <span
                                    aria-label="search"
                                    class="anticon anticon-search"
                                    role="img"
                                  >
                                    <svg
                                      aria-hidden="true"
                                      data-icon="search"
                                      fill="currentColor"
                                      focusable="false"
                                      height="1em"
                                      viewBox="64 64 896 896"
                                      width="1em"
                                    >
                                      <path
                                        d="M909.6 854.5L649.9 594.8C690.2 542.7 712 479 712 412c0-80.2-31.3-155.4-87.9-212.1-56.6-56.7-132-87.9-212.1-87.9s-155.5 31.3-212.1 87.9C143.2 256.5 112 331.8 112 412c0 80.1 31.3 155.5 87.9 212.1C256.5 680.8 331.8 712 412 712c67 0 130.6-21.8 182.7-62l259.7 259.6a8.2 8.2 0 0011.6 0l43.6-43.5a8.2 8.2 0 000-11.6zM570.4 570.4C528 612.7 471.8 636 412 636s-116-23.3-158.4-65.6C211.3 528 188 471.8 188 412s23.3-116.1 65.6-158.4C296 211.3 352.2 188 412 188s116.1 23.2 158.4 65.6S636 352.2 636 412s-23.3 116.1-65.6 158.4z"
                                      />
                                    </svg>
                                  </span>
                                </button>
                              </span>
                            </span>
                          </span>
                          <span
                            class="table-row-count"
                          >
                            
                            10 
                            Results
                          </span>
                          <button
                            class="ant-btn ant-btn-round ant-btn-default ant-btn-icon-only"
                            type="button"
                          >
                            <span
                              aria-label="small-dash"
                              class="anticon anticon-small-dash"
                              role="img"
                            >
                              <svg
                                aria-hidden="true"
                                data-icon="small-dash"
                                fill="currentColor"
                                focusable="false"
                                height="1em"
                                viewBox="64 64 896 896"
                                width="1em"
                              >
                                <path
                                  d="M112 476h72v72h-72zm182 0h72v72h-72zm364 0h72v72h-72zm182 0h72v72h-72zm-364 0h72v72h-72z"
                                />
                              </svg>
                            </span>
                          </button>
                        </div>
                      </div>
                    </div>
                  </div>
                </div>
                <div
                  class="ant-table-container"
                >
                  <div
                    class="ant-table-content"
                    style="overflow-x: auto; overflow-y: hidden;"
                  >
                    <table
                      style="width: 1000px; min-width: 100%; table-layout: auto;"
                    >
                      <colgroup>
                        <col
                          class="ant-table-selection-col"
                        />
                      </colgroup>
                      <thead
                        class="ant-table-thead"
                      >
                        <tr>
                          <th
                            class="ant-table-cell ant-table-selection-column"
                          >
                            <div
                              class="ant-table-selection"
                            >
                              <label
                                class="ant-checkbox-wrapper"
                              >
                                <span
                                  class="ant-checkbox"
                                >
                                  <input
                                    aria-label="Select all"
                                    class="ant-checkbox-input"
                                    type="checkbox"
                                    value=""
                                  />
                                  <span
                                    class="ant-checkbox-inner"
                                  />
                                </span>
                              </label>
                            </div>
                          </th>
                          <th
                            class="ant-table-cell testid-p"
                          >
                            P
                          </th>
                          <th
                            class="ant-table-cell testid-o"
                          >
                            O
                          </th>
                        </tr>
                      </thead>
                      <tbody
                        class="ant-table-tbody"
                      >
                        <tr
                          aria-hidden="true"
                          class="ant-table-measure-row"
                          style="height: 0px; font-size: 0px;"
                        >
                          <td
                            style="padding: 0px; border: 0px; height: 0px;"
                          >
                            <div
                              style="height: 0px; overflow: hidden;"
                            >
                               
                            </div>
                          </td>
                          <td
                            style="padding: 0px; border: 0px; height: 0px;"
                          >
                            <div
                              style="height: 0px; overflow: hidden;"
                            >
                               
                            </div>
                          </td>
                          <td
                            style="padding: 0px; border: 0px; height: 0px;"
                          >
                            <div
                              style="height: 0px; overflow: hidden;"
                            >
                               
                            </div>
                          </td>
                        </tr>
                        <tr
                          class="ant-table-row ant-table-row-level-0 data-table-row"
                          data-row-key="https://localhost:3000/nexus/v1/projects/nise/kerrien1-index0"
                        >
                          <td
                            class="ant-table-cell ant-table-selection-column"
                          >
                            <label
                              class="ant-checkbox-wrapper"
                            >
                              <span
                                class="ant-checkbox"
                              >
                                <input
                                  class="ant-checkbox-input"
                                  type="checkbox"
                                  value=""
                                />
                                <span
                                  class="ant-checkbox-inner"
                                />
                              </span>
                            </label>
                          </td>
                          <td
                            class="ant-table-cell testid-p"
                          >
                            https://bluebrain.github.io/nexus/vocabulary/apiMappings
                          </td>
                          <td
                            class="ant-table-cell testid-o"
                          >
                            t78
                          </td>
                        </tr>
                        <tr
                          class="ant-table-row ant-table-row-level-0 data-table-row"
                          data-row-key="https://localhost:3000/nexus/v1/projects/nise/kerrien2-index1"
                        >
                          <td
                            class="ant-table-cell ant-table-selection-column"
                          >
                            <label
                              class="ant-checkbox-wrapper"
                            >
                              <span
                                class="ant-checkbox"
                              >
                                <input
                                  class="ant-checkbox-input"
                                  type="checkbox"
                                  value=""
                                />
                                <span
                                  class="ant-checkbox-inner"
                                />
                              </span>
                            </label>
                          </td>
                          <td
                            class="ant-table-cell testid-p"
                          >
                            https://bluebrain.github.io/nexus/vocabulary/apiMappings
                          </td>
                          <td
                            class="ant-table-cell testid-o"
                          >
                            t87
                          </td>
                        </tr>
                        <tr
                          class="ant-table-row ant-table-row-level-0 data-table-row"
                          data-row-key="https://localhost:3000/nexus/v1/projects/nise/kerrien3-index2"
                        >
                          <td
                            class="ant-table-cell ant-table-selection-column"
                          >
                            <label
                              class="ant-checkbox-wrapper"
                            >
                              <span
                                class="ant-checkbox"
                              >
                                <input
                                  class="ant-checkbox-input"
                                  type="checkbox"
                                  value=""
                                />
                                <span
                                  class="ant-checkbox-inner"
                                />
                              </span>
                            </label>
                          </td>
                          <td
                            class="ant-table-cell testid-p"
                          >
                            https://bluebrain.github.io/nexus/vocabulary/apiMappings
                          </td>
                          <td
                            class="ant-table-cell testid-o"
                          >
                            t91
                          </td>
                        </tr>
                        <tr
                          class="ant-table-row ant-table-row-level-0 data-table-row"
                          data-row-key="https://localhost:3000/nexus/v1/projects/nise/kerrien4-index3"
                        >
                          <td
                            class="ant-table-cell ant-table-selection-column"
                          >
                            <label
                              class="ant-checkbox-wrapper"
                            >
                              <span
                                class="ant-checkbox"
                              >
                                <input
                                  class="ant-checkbox-input"
                                  type="checkbox"
                                  value=""
                                />
                                <span
                                  class="ant-checkbox-inner"
                                />
                              </span>
                            </label>
                          </td>
                          <td
                            class="ant-table-cell testid-p"
                          >
                            https://bluebrain.github.io/nexus/vocabulary/apiMappings
                          </td>
                          <td
                            class="ant-table-cell testid-o"
                          >
                            t97
                          </td>
                        </tr>
                        <tr
                          class="ant-table-row ant-table-row-level-0 data-table-row"
                          data-row-key="https://localhost:3000/nexus/v1/projects/nise/kerrien5-index4"
                        >
                          <td
                            class="ant-table-cell ant-table-selection-column"
                          >
                            <label
                              class="ant-checkbox-wrapper"
                            >
                              <span
                                class="ant-checkbox"
                              >
                                <input
                                  class="ant-checkbox-input"
                                  type="checkbox"
                                  value=""
                                />
                                <span
                                  class="ant-checkbox-inner"
                                />
                              </span>
                            </label>
                          </td>
                          <td
                            class="ant-table-cell testid-p"
                          >
                            https://bluebrain.github.io/nexus/vocabulary/apiMappings
                          </td>
                          <td
                            class="ant-table-cell testid-o"
                          >
                            t98
                          </td>
                        </tr>
                        <tr
                          class="ant-table-row ant-table-row-level-0 data-table-row"
                          data-row-key="https://localhost:3000/nexus/v1/projects/nise/kerrien6-index5"
                        >
                          <td
                            class="ant-table-cell ant-table-selection-column"
                          >
                            <label
                              class="ant-checkbox-wrapper"
                            >
                              <span
                                class="ant-checkbox"
                              >
                                <input
                                  class="ant-checkbox-input"
                                  type="checkbox"
                                  value=""
                                />
                                <span
                                  class="ant-checkbox-inner"
                                />
                              </span>
                            </label>
                          </td>
                          <td
                            class="ant-table-cell testid-p"
                          >
                            https://bluebrain.github.io/nexus/vocabulary/apiMappings
                          </td>
                          <td
                            class="ant-table-cell testid-o"
                          >
                            t100
                          </td>
                        </tr>
                        <tr
                          class="ant-table-row ant-table-row-level-0 data-table-row"
                          data-row-key="https://localhost:3000/nexus/v1/projects/nise/kerrien7-index6"
                        >
                          <td
                            class="ant-table-cell ant-table-selection-column"
                          >
                            <label
                              class="ant-checkbox-wrapper"
                            >
                              <span
                                class="ant-checkbox"
                              >
                                <input
                                  class="ant-checkbox-input"
                                  type="checkbox"
                                  value=""
                                />
                                <span
                                  class="ant-checkbox-inner"
                                />
                              </span>
                            </label>
                          </td>
                          <td
                            class="ant-table-cell testid-p"
                          >
                            https://bluebrain.github.io/nexus/vocabulary/apiMappings
                          </td>
                          <td
                            class="ant-table-cell testid-o"
                          >
                            t114
                          </td>
                        </tr>
                        <tr
                          class="ant-table-row ant-table-row-level-0 data-table-row"
                          data-row-key="https://localhost:3000/nexus/v1/projects/nise/kerrien8-index7"
                        >
                          <td
                            class="ant-table-cell ant-table-selection-column"
                          >
                            <label
                              class="ant-checkbox-wrapper"
                            >
                              <span
                                class="ant-checkbox"
                              >
                                <input
                                  class="ant-checkbox-input"
                                  type="checkbox"
                                  value=""
                                />
                                <span
                                  class="ant-checkbox-inner"
                                />
                              </span>
                            </label>
                          </td>
                          <td
                            class="ant-table-cell testid-p"
                          >
                            https://bluebrain.github.io/nexus/vocabulary/apiMappings
                          </td>
                          <td
                            class="ant-table-cell testid-o"
                          >
                            t120
                          </td>
                        </tr>
                        <tr
                          class="ant-table-row ant-table-row-level-0 data-table-row"
                          data-row-key="https://localhost:3000/nexus/v1/projects/nise/kerrien9-index8"
                        >
                          <td
                            class="ant-table-cell ant-table-selection-column"
                          >
                            <label
                              class="ant-checkbox-wrapper"
                            >
                              <span
                                class="ant-checkbox"
                              >
                                <input
                                  class="ant-checkbox-input"
                                  type="checkbox"
                                  value=""
                                />
                                <span
                                  class="ant-checkbox-inner"
                                />
                              </span>
                            </label>
                          </td>
                          <td
                            class="ant-table-cell testid-p"
                          >
                            https://bluebrain.github.io/nexus/vocabulary/apiMappings
                          </td>
                          <td
                            class="ant-table-cell testid-o"
                          >
                            t127
                          </td>
                        </tr>
                        <tr
                          class="ant-table-row ant-table-row-level-0 data-table-row"
                          data-row-key="https://localhost:3000/nexus/v1/projects/nise/kerrien10-index9"
                        >
                          <td
                            class="ant-table-cell ant-table-selection-column"
                          >
                            <label
                              class="ant-checkbox-wrapper"
                            >
                              <span
                                class="ant-checkbox"
                              >
                                <input
                                  class="ant-checkbox-input"
                                  type="checkbox"
                                  value=""
                                />
                                <span
                                  class="ant-checkbox-inner"
                                />
                              </span>
                            </label>
                          </td>
                          <td
                            class="ant-table-cell testid-p"
                          >
                            https://bluebrain.github.io/nexus/vocabulary/base
                          </td>
                          <td
                            class="ant-table-cell testid-o"
                          >
                            https://bbp.epfl.ch/neurosciencegraph/data/
                          </td>
                        </tr>
                      </tbody>
                    </table>
                  </div>
                </div>
              </div>
              <ul
                class="ant-pagination ant-table-pagination ant-table-pagination-right"
              >
                <li
                  aria-disabled="true"
                  class="ant-pagination-prev ant-pagination-disabled"
                  title="Previous Page"
                >
                  <button
                    class="ant-pagination-item-link"
                    disabled=""
                    tabindex="-1"
                    type="button"
                  >
                    <span
                      aria-label="left"
                      class="anticon anticon-left"
                      role="img"
                    >
                      <svg
                        aria-hidden="true"
                        data-icon="left"
                        fill="currentColor"
                        focusable="false"
                        height="1em"
                        viewBox="64 64 896 896"
                        width="1em"
                      >
                        <path
                          d="M724 218.3V141c0-6.7-7.7-10.4-12.9-6.3L260.3 486.8a31.86 31.86 0 000 50.3l450.8 352.1c5.3 4.1 12.9.4 12.9-6.3v-77.3c0-4.9-2.3-9.6-6.1-12.6l-360-281 360-281.1c3.8-3 6.1-7.7 6.1-12.6z"
                        />
                      </svg>
                    </span>
                  </button>
                </li>
                <li
                  class="ant-pagination-item ant-pagination-item-1 ant-pagination-item-active"
                  tabindex="0"
                  title="1"
                >
                  <a
                    rel="nofollow"
                  >
                    1
                  </a>
                </li>
                <li
                  aria-disabled="true"
                  class="ant-pagination-next ant-pagination-disabled"
                  title="Next Page"
                >
                  <button
                    class="ant-pagination-item-link"
                    disabled=""
                    tabindex="-1"
                    type="button"
                  >
                    <span
                      aria-label="right"
                      class="anticon anticon-right"
                      role="img"
                    >
                      <svg
                        aria-hidden="true"
                        data-icon="right"
                        fill="currentColor"
                        focusable="false"
                        height="1em"
                        viewBox="64 64 896 896"
                        width="1em"
                      >
                        <path
                          d="M765.7 486.8L314.9 134.7A7.97 7.97 0 00302 141v77.3c0 4.9 2.3 9.6 6.1 12.6l360 281.1-360 281.1c-3.9 3-6.1 7.7-6.1 12.6V883c0 6.7 7.7 10.4 12.9 6.3l450.8-352.1a31.96 31.96 0 000-50.4z"
                        />
                      </svg>
                    </span>
                  </button>
                </li>
              </ul>
            </div>
          </div>
        </div>
      </div>
    </div>
  </div>
</div>
`;
